\BOOKMARK [0][-]{chapter.1}{\376\377\000f\000u\000n\000c\000t\000i\000o\000n\000a\000l\000\137\000t\000e\000s\000t\000i\000n\000g}{}% 1
\BOOKMARK [1][-]{section.1.1}{\376\377\000c\000l\000e\000a\000n\000u\000p\000\040\000p\000a\000c\000k\000a\000g\000e}{chapter.1}% 2
\BOOKMARK [2][-]{subsection.1.1.1}{\376\377\000S\000u\000b\000m\000o\000d\000u\000l\000e\000s}{section.1.1}% 3
\BOOKMARK [2][-]{subsection.1.1.2}{\376\377\000c\000l\000e\000a\000n\000u\000p\000.\000d\000e\000l\000e\000t\000e\000\137\000t\000e\000s\000t\000\137\000f\000i\000l\000e\000s\000\040\000m\000o\000d\000u\000l\000e}{section.1.1}% 4
\BOOKMARK [3][-]{subsubsection*.4}{\376\377\000E\000n\000v\000i\000r\000o\000n\000m\000e\000n\000t\000\040\000V\000a\000r\000i\000a\000b\000l\000e\000s\000:}{subsection.1.1.2}% 5
\BOOKMARK [3][-]{subsubsection*.5}{\376\377\000S\000e\000t\000t\000i\000n\000g\000\040\000E\000n\000v\000i\000r\000o\000n\000m\000e\000n\000t\000\040\000V\000a\000r\000i\000a\000b\000l\000e\000s\000:}{subsection.1.1.2}% 6
\BOOKMARK [4][-]{paragraph*.6}{\376\377\000F\000o\000r\000\040\000U\000n\000i\000x\000/\000L\000i\000n\000u\000x\000/\000m\000a\000c\000O\000S\000:}{subsubsection*.5}% 7
\BOOKMARK [4][-]{paragraph*.7}{\376\377\000F\000o\000r\000\040\000W\000i\000n\000d\000o\000w\000s\000:}{subsubsection*.5}% 8
\BOOKMARK [3][-]{subsubsection*.8}{\376\377\000F\000u\000n\000c\000t\000i\000o\000n\000s\000:}{subsection.1.1.2}% 9
\BOOKMARK [3][-]{subsubsection*.9}{\376\377\000U\000s\000a\000g\000e\000:}{subsection.1.1.2}% 10
\BOOKMARK [2][-]{subsection.1.1.3}{\376\377\000M\000o\000d\000u\000l\000e\000\040\000c\000o\000n\000t\000e\000n\000t\000s}{section.1.1}% 11
\BOOKMARK [1][-]{section.1.2}{\376\377\000c\000o\000n\000f\000i\000g\000\040\000p\000a\000c\000k\000a\000g\000e}{chapter.1}% 12
\BOOKMARK [2][-]{subsection.1.2.1}{\376\377\000S\000u\000b\000m\000o\000d\000u\000l\000e\000s}{section.1.2}% 13
\BOOKMARK [2][-]{subsection.1.2.2}{\376\377\000c\000o\000n\000f\000i\000g\000.\000c\000o\000n\000f\000i\000g\000u\000r\000a\000t\000i\000o\000n\000\040\000m\000o\000d\000u\000l\000e}{section.1.2}% 14
\BOOKMARK [3][-]{subsubsection*.11}{\376\377\000S\000e\000t\000t\000i\000n\000g\000\040\000E\000n\000v\000i\000r\000o\000n\000m\000e\000n\000t\000\040\000V\000a\000r\000i\000a\000b\000l\000e\000s}{subsection.1.2.2}% 15
\BOOKMARK [4][-]{paragraph*.12}{\376\377\000U\000n\000i\000x\000-\000l\000i\000k\000e\000\040\000s\000y\000s\000t\000e\000m\000s\000\040\000\050\000L\000i\000n\000u\000x\000/\000m\000a\000c\000O\000S\000\051}{subsubsection*.11}% 16
\BOOKMARK [4][-]{paragraph*.13}{\376\377\000W\000i\000n\000d\000o\000w\000s\000\040\000s\000y\000s\000t\000e\000m\000s}{subsubsection*.11}% 17
\BOOKMARK [3][-]{subsubsection*.14}{\376\377\000U\000s\000a\000g\000e}{subsection.1.2.2}% 18
\BOOKMARK [3][-]{subsubsection*.15}{\376\377\000X\000P\000a\000t\000h\000\040\000L\000o\000c\000a\000t\000o\000r\000s}{subsection.1.2.2}% 19
\BOOKMARK [2][-]{subsection.1.2.3}{\376\377\000M\000o\000d\000u\000l\000e\000\040\000c\000o\000n\000t\000e\000n\000t\000s}{section.1.2}% 20
\BOOKMARK [1][-]{section.1.3}{\376\377\000f\000i\000l\000e\000\137\000m\000a\000n\000a\000g\000e\000m\000e\000n\000t\000\137\000c\000y\000c\000l\000e\000\040\000m\000o\000d\000u\000l\000e}{chapter.1}% 21
\BOOKMARK [2][-]{subsection.1.3.1}{\376\377\000A\000u\000t\000o\000m\000a\000t\000e\000d\000\040\000T\000e\000s\000t\000\040\000S\000e\000q\000u\000e\000n\000c\000e\000\040\000f\000o\000r\000\040\000F\000i\000l\000e\000\040\000a\000n\000d\000\040\000U\000s\000e\000r\000\040\000M\000a\000n\000a\000g\000e\000m\000e\000n\000t\000\040\000F\000u\000n\000c\000t\000i\000o\000n\000a\000l\000i\000t\000i\000e\000s}{section.1.3}% 22
\BOOKMARK [3][-]{subsubsection*.16}{\376\377\000E\000x\000e\000c\000u\000t\000i\000o\000n\000\040\000C\000o\000n\000t\000e\000x\000t}{subsection.1.3.1}% 23
\BOOKMARK [2][-]{subsection.1.3.2}{\376\377\000E\000x\000a\000m\000p\000l\000e\000\040\000U\000s\000a\000g\000e}{section.1.3}% 24
\BOOKMARK [2][-]{subsection.1.3.3}{\376\377\000W\000o\000r\000k\000f\000l\000o\000w}{section.1.3}% 25
\BOOKMARK [1][-]{section.1.4}{\376\377\000t\000e\000s\000t\000s\000\040\000p\000a\000c\000k\000a\000g\000e}{chapter.1}% 26
\BOOKMARK [2][-]{subsection.1.4.1}{\376\377\000S\000u\000b\000m\000o\000d\000u\000l\000e\000s}{section.1.4}% 27
\BOOKMARK [2][-]{subsection.1.4.2}{\376\377\000t\000e\000s\000t\000s\000.\000e\000n\000d\000\137\000t\000o\000\137\000e\000n\000d\000\137\000e\000n\000c\000r\000y\000p\000t\000i\000o\000n\000\040\000m\000o\000d\000u\000l\000e}{section.1.4}% 28
\BOOKMARK [3][-]{subsubsection*.20}{\376\377\000T\000e\000s\000t\000i\000n\000g\000\040\000E\000n\000d\000-\000t\000o\000-\000E\000n\000d\000\040\000E\000n\000c\000r\000y\000p\000t\000i\000o\000n\000\040\000\050\000E\0002\000E\000E\000\051\000\040\000i\000n\000\040\000N\000e\000x\000t\000c\000l\000o\000u\000d\000\040\000C\000l\000i\000e\000n\000t}{subsection.1.4.2}% 29
\BOOKMARK [4][-]{paragraph*.21}{\376\377\000P\000r\000e\000r\000e\000q\000u\000i\000s\000i\000t\000e\000s}{subsubsection*.20}% 30
\BOOKMARK [4][-]{paragraph*.22}{\376\377\000S\000t\000e\000p\000s}{subsubsection*.20}% 31
\BOOKMARK [4][-]{paragraph*.23}{\376\377\000C\000o\000n\000c\000l\000u\000s\000i\000o\000n}{subsubsection*.20}% 32
\BOOKMARK [4][-]{paragraph*.24}{\376\377\000N\000o\000t\000e}{subsubsection*.20}% 33
\BOOKMARK [2][-]{subsection.1.4.3}{\376\377\000t\000e\000s\000t\000s\000.\000t\000e\000s\000t\000\137\000c\000r\000e\000a\000t\000e\000\137\000u\000s\000e\000r\000\040\000m\000o\000d\000u\000l\000e}{section.1.4}% 34
\BOOKMARK [2][-]{subsection.1.4.4}{\376\377\000t\000e\000s\000t\000s\000.\000t\000e\000s\000t\000\137\000d\000e\000l\000e\000t\000e\000\137\000u\000s\000e\000r\000\040\000m\000o\000d\000u\000l\000e}{section.1.4}% 35
\BOOKMARK [2][-]{subsection.1.4.5}{\376\377\000t\000e\000s\000t\000s\000.\000t\000e\000s\000t\000\137\000f\000i\000l\000e\000\137\000d\000e\000l\000e\000t\000e\000\040\000m\000o\000d\000u\000l\000e}{section.1.4}% 36
\BOOKMARK [2][-]{subsection.1.4.6}{\376\377\000t\000e\000s\000t\000s\000.\000t\000e\000s\000t\000\137\000f\000i\000l\000e\000\137\000d\000o\000w\000n\000l\000o\000a\000d\000\040\000m\000o\000d\000u\000l\000e}{section.1.4}% 37
\BOOKMARK [2][-]{subsection.1.4.7}{\376\377\000t\000e\000s\000t\000s\000.\000t\000e\000s\000t\000\137\000f\000i\000l\000e\000\137\000i\000n\000t\000e\000g\000r\000i\000t\000y\000\040\000m\000o\000d\000u\000l\000e}{section.1.4}% 38
\BOOKMARK [2][-]{subsection.1.4.8}{\376\377\000t\000e\000s\000t\000s\000.\000t\000e\000s\000t\000\137\000f\000i\000l\000e\000\137\000s\000h\000a\000r\000e\000\040\000m\000o\000d\000u\000l\000e}{section.1.4}% 39
\BOOKMARK [2][-]{subsection.1.4.9}{\376\377\000t\000e\000s\000t\000s\000.\000t\000e\000s\000t\000\137\000f\000i\000l\000e\000\137\000u\000p\000l\000o\000a\000d\000\040\000m\000o\000d\000u\000l\000e}{section.1.4}% 40
\BOOKMARK [2][-]{subsection.1.4.10}{\376\377\000t\000e\000s\000t\000s\000.\000t\000e\000s\000t\000\137\000l\000o\000g\000i\000n\000\040\000m\000o\000d\000u\000l\000e}{section.1.4}% 41
\BOOKMARK [2][-]{subsection.1.4.11}{\376\377\000t\000e\000s\000t\000s\000.\000t\000e\000s\000t\000\137\000l\000o\000g\000o\000u\000t\000\040\000m\000o\000d\000u\000l\000e}{section.1.4}% 42
\BOOKMARK [2][-]{subsection.1.4.12}{\376\377\000t\000e\000s\000t\000s\000.\000t\000e\000s\000t\000\137\000m\000o\000d\000i\000f\000y\000\137\000q\000u\000o\000t\000a\000\040\000m\000o\000d\000u\000l\000e}{section.1.4}% 43
\BOOKMARK [2][-]{subsection.1.4.13}{\376\377\000M\000o\000d\000u\000l\000e\000\040\000c\000o\000n\000t\000e\000n\000t\000s}{section.1.4}% 44
\BOOKMARK [1][-]{section.1.5}{\376\377\000u\000t\000i\000l\000s\000\040\000p\000a\000c\000k\000a\000g\000e}{chapter.1}% 45
\BOOKMARK [2][-]{subsection.1.5.1}{\376\377\000S\000u\000b\000m\000o\000d\000u\000l\000e\000s}{section.1.5}% 46
\BOOKMARK [2][-]{subsection.1.5.2}{\376\377\000u\000t\000i\000l\000s\000.\000a\000u\000t\000h\000e\000n\000t\000i\000c\000a\000t\000i\000o\000n\000\137\000m\000a\000n\000a\000g\000e\000m\000e\000n\000t\000\040\000m\000o\000d\000u\000l\000e}{section.1.5}% 47
\BOOKMARK [2][-]{subsection.1.5.3}{\376\377\000u\000t\000i\000l\000s\000.\000f\000i\000l\000e\000\137\000c\000r\000e\000a\000t\000i\000o\000n\000\040\000m\000o\000d\000u\000l\000e}{section.1.5}% 48
\BOOKMARK [2][-]{subsection.1.5.4}{\376\377\000u\000t\000i\000l\000s\000.\000f\000i\000l\000e\000\137\000m\000a\000n\000a\000g\000e\000m\000e\000n\000t\000\040\000m\000o\000d\000u\000l\000e}{section.1.5}% 49
\BOOKMARK [2][-]{subsection.1.5.5}{\376\377\000u\000t\000i\000l\000s\000.\000u\000s\000e\000r\000\137\000m\000a\000n\000a\000g\000e\000m\000e\000n\000t\000\040\000m\000o\000d\000u\000l\000e}{section.1.5}% 50
\BOOKMARK [2][-]{subsection.1.5.6}{\376\377\000u\000t\000i\000l\000s\000.\000w\000e\000b\000d\000r\000i\000v\000e\000r\000\137\000s\000e\000t\000u\000p\000\040\000m\000o\000d\000u\000l\000e}{section.1.5}% 51
\BOOKMARK [2][-]{subsection.1.5.7}{\376\377\000M\000o\000d\000u\000l\000e\000\040\000c\000o\000n\000t\000e\000n\000t\000s}{section.1.5}% 52
\BOOKMARK [0][-]{chapter.2}{\376\377\000I\000n\000d\000i\000c\000e\000s\000\040\000a\000n\000d\000\040\000t\000a\000b\000l\000e\000s}{}% 53
\BOOKMARK [0][-]{section*.106}{\376\377\000P\000y\000t\000h\000o\000n\000\040\000M\000o\000d\000u\000l\000e\000\040\000I\000n\000d\000e\000x}{}% 54
\BOOKMARK [0][-]{section*.107}{\376\377\000I\000n\000d\000e\000x}{}% 55
